* Allocations
+ Allocation A :: 40.00%
+ Allocation B :: 60.00%
* bucket a (10% A + 90% B): 66%
|----------------+--------+--------+---------------|
| category I     | 50.00% |        |               |
|     context 1  |        | 33.33% |               |
|         task A |        |        | 16.67% (3:00) |
|         task B |        |        | 16.67% (3:00) |
|     context 2  |        | 16.67% |               |
|         task A |        |        | 16.67% (3:00) |
| category II    | 16.67% |        |               |
|     context 1  |        | 16.67% |               |
|         task B |        |        | 16.67% (1:00) |
|----------------+--------+--------+---------------|
* bucket b (A): 33%
|----------------+--------+--------+---------------|
| category I     | 16.67% |        |               |
|     context 2  |        | 16.67% |               |
|         task B |        |        | 16.67% (1:00) |
| category II    | 16.67% |        |               |
|     context 1  |        | 16.67% |               |
|         task A |        |        | 16.67% (1:00) |
|----------------+--------+--------+---------------|
